2026-03-07 08:53:59 [INFO] stock_system - AI 引擎使用中转代理: https://hone.vvvv.ee
2026-03-07 08:53:59 [INFO] stock_system - 加载自选股 4 只
2026-03-07 08:53:59 [INFO] stock_system - ============================================================
2026-03-07 08:53:59 [INFO] stock_system - 🚀 股票智能分析系统启动中...
2026-03-07 08:53:59 [INFO] stock_system - ============================================================
2026-03-07 08:53:59 [INFO] stock_system - 定时任务调度器已启动
2026-03-07 08:53:59 [INFO] stock_system - 已注册定时任务 3 个:
2026-03-07 08:53:59 [INFO] stock_system -   - 市场早报 (ID: morning_brief) | 下次运行: 2026-03-08 08:00:00+08:00
2026-03-07 08:53:59 [INFO] stock_system -   - 每日选股 (ID: daily_stock_pick) | 下次运行: 2026-03-09 08:30:00+08:00
2026-03-07 08:53:59 [INFO] stock_system -   - 板块分析 (ID: daily_sector_analysis) | 下次运行: 2026-03-09 17:00:00+08:00
2026-03-07 08:53:59 [INFO] stock_system - 📡 监控模块已启动，监控 4 只: [603993]洛阳钼业, [000559]万向钱潮, [600550]保变电气, [601138]工业富联
2026-03-07 08:53:59 [INFO] stock_system - 启动Web服务: http://0.0.0.0:8888
2026-03-07 08:53:59 [INFO] stock_system - Web Dashboard: http://0.0.0.0:8888
2026-03-07 08:53:59 [INFO] stock_system - ============================================================
2026-03-07 08:53:59 [INFO] stock_system - ✅ 系统启动完成
2026-03-07 08:53:59 [INFO] stock_system - ============================================================
2026-03-07 08:53:59 [INFO] stock_system - 按 Ctrl+C 停止系统
INFO:     Started server process [70195]
INFO:     Waiting for application startup.
INFO:     Application startup complete.
INFO:     Uvicorn running on http://0.0.0.0:8888 (Press CTRL+C to quit)
2026-03-08 08:00:00 [INFO] stock_system - ============================================================
2026-03-08 08:00:00 [INFO] stock_system - 执行定时任务: 市场早报
2026-03-08 08:00:10 [INFO] stock_system - 市场早报任务完成，已推送
